// Jest Snapshot v1, https://goo.gl/fbAQLP

exports[`FilmDescription component 1`] = `
<div>
  <div
    class="sc-aXZVg gAHHnW container"
  >
    <div
      class="row"
    >
      <div
        class="col"
      >
        <iframe
          allowfullscreen=""
          frameborder="0"
          height="315"
          src=""
          title="Барби"
          width="560"
        />
        <h3>
          Барби
        </h3>
        <p />
        <button
          class="btn btn-primary"
          type="button"
        >
          Go back
        </button>
      </div>
    </div>
  </div>
</div>
`;
