// Jest Snapshot v1, https://goo.gl/fbAQLP

exports[`MainPage renders correctly 1`] = `
<div>
  <div
    class="sc-aXZVg iSVraJ container-fluid"
  >
    <div
      class="sc-fqkvVR jWBLYB movie-sessions-page container"
    >
      <div
        class="card-header"
      >
        Available dates for booking tickets
      </div>
    </div>
    <div
      class="sc-gEvEer jytxZI row"
    >
      <div
        class="col-xxl-3 col-lg-4 col-md-6 col-12"
      >
        <div
          class="carousel slide"
        >
          <div
            class="carousel-indicators"
          />
          <div
            class="carousel-inner"
          />
          <a
            class="carousel-control-prev"
            href="#"
            role="button"
            tabindex="0"
          >
            <span
              aria-hidden="true"
              class="carousel-control-prev-icon"
            />
            <span
              class="visually-hidden"
            >
              Previous
            </span>
          </a>
          <a
            class="carousel-control-next"
            href="#"
            role="button"
            tabindex="0"
          >
            <span
              aria-hidden="true"
              class="carousel-control-next-icon"
            />
            <span
              class="visually-hidden"
            >
              Next
            </span>
          </a>
        </div>
      </div>
    </div>
  </div>
</div>
`;
