// Jest Snapshot v1, https://goo.gl/fbAQLP

exports[`Styled Components should check if StyledContainer has expected styles 1`] = `
<div
  class="sc-aXZVg iSVraJ container"
  data-testid="styled-container"
/>
`;

exports[`Styled Components should check if StyledRow has expected styles 1`] = `
<div
  class="sc-gEvEer jytxZI row"
  data-testid="styled-row"
/>
`;
