// Jest Snapshot v1, https://goo.gl/fbAQLP

exports[`Styled Components should check if StyledCol has expected styles 1`] = `
<div
  class="sc-eqUAAy iUsOYi col"
  data-testid="styled-col"
/>
`;

exports[`Styled Components should check if StyledContainer has expected styles 1`] = `
<div
  class="sc-aXZVg iRblEh container"
  data-testid="styled-container"
/>
`;

exports[`Styled Components should check if StyledRow has expected styles 1`] = `
<div
  class="sc-gEvEer KzsuG row"
  data-testid="styled-row"
/>
`;
