// Jest Snapshot v1, https://goo.gl/fbAQLP

exports[`Styled Components CinemaScreen should have expected styles 1`] = `
<div
  class="sc-aXZVg wnUcX"
  data-testid="cinema-screen"
/>
`;

exports[`Styled Components HomeButton should have expected styles 1`] = `
<button
  class="sc-gEvEer hnZgjw btn btn-primary"
  data-testid="home-button"
  type="button"
/>
`;

exports[`Styled Components StyledContainer should have expected styles 1`] = `
<div
  class="sc-eqUAAy fyYumI"
  data-testid="styled-container"
/>
`;
