// Jest Snapshot v1, https://goo.gl/fbAQLP

exports[`Styled Components StyledContainer should have expected styles 1`] = `
<div
  class="sc-aXZVg iSVraJ container"
  data-testid="styled-container"
/>
`;

exports[`Styled Components StyledRow should have expected styles 1`] = `
<div
  class="sc-gEvEer jytxZI row"
  data-testid="styled-row"
/>
`;
